
add.manifest: missing authority
=========================
push_transaction {
  "actions": [{
      "account": "eosio.assert",
      "name": "add.manifest",
      "authorization": [{
          "actor": "dapp2",
          "permission": "active"
        }
      ],
      "data": {
        "account": "dapp1",
        "name": "distributed app 1",
        "domain": "https://nowhere",
        "icon": "0123456789ABCDEF0123456789ABCDEF0123456789ABCDEF0123456789ABCDEF",
        "extra.json": "",
        "whitelist": [],
        "blacklist": []
      }
    }
  ]
}
Exception: missing authority of dapp1

add.manifest
=========================
push_transaction {
  "actions": [{
      "account": "eosio.assert",
      "name": "add.manifest",
      "authorization": [{
          "actor": "dapp1",
          "permission": "active"
        }
      ],
      "data": {
        "account": "dapp1",
        "name": "distributed app 1",
        "domain": "https://nowhere",
        "icon": "0123456789ABCDEF0123456789ABCDEF0123456789ABCDEF0123456789ABCDEF",
        "extra.json": "",
        "whitelist": [],
        "blacklist": []
      }
    }
  ]
}
transaction pushed
table: eosio.assert eosio.assert chain.params
    add row:
        {
          "chain_id": "0000000000000000000000000000000000000000000000000000000000000000",
          "chain_name": "",
          "icon": "0000000000000000000000000000000000000000000000000000000000000000",
          "hash": "0000000000000000000000000000000000000000000000000000000000000000",
          "next_unique_id": 2
        }
table: eosio.assert eosio.assert manifests
    add row:
        {
          "unique_id": 1,
          "id": "1edd77ab2fed6568fc61da5b30c9f4654a5a9822907989a10948d4ad2d6524fe",
          "account": "dapp1",
          "domain": "https://nowhere",
          "whitelist": [],
          "blacklist": []
        }

add.manifest: duplicate
=========================
push_transaction {
  "actions": [{
      "account": "eosio.assert",
      "name": "add.manifest",
      "authorization": [{
          "actor": "dapp1",
          "permission": "active"
        }
      ],
      "data": {
        "account": "dapp1",
        "name": "distributed app 1",
        "domain": "https://nowhere",
        "icon": "0123456789ABCDEF0123456789ABCDEF0123456789ABCDEF0123456789ABCDEF",
        "extra.json": "",
        "whitelist": [],
        "blacklist": []
      }
    }
  ]
}
Exception: assertion failure with message: manifest already present

add.manifest: white, black
=========================
push_transaction {
  "actions": [{
      "account": "eosio.assert",
      "name": "add.manifest",
      "authorization": [{
          "actor": "dapp1",
          "permission": "active"
        }
      ],
      "data": {
        "account": "dapp1",
        "name": "distributed app 1",
        "domain": "https://nowhere",
        "icon": "0123456789ABCDEF0123456789ABCDEF0123456789ABCDEF0123456789ABCDEF",
        "extra.json": "",
        "whitelist": [{
            "contract": "contract.2",
            "action": ""
          },{
            "contract": "contract.1",
            "action": "just.this"
          },{
            "contract": "contract.3",
            "action": ""
          }
        ],
        "blacklist": [{
            "contract": "contract.3",
            "action": "bad"
          },{
            "contract": "contract.2",
            "action": "very.bad"
          }
        ]
      }
    }
  ]
}
transaction pushed
table: eosio.assert eosio.assert chain.params
    change row:
        {
          "chain_id": "0000000000000000000000000000000000000000000000000000000000000000",
          "chain_name": "",
          "icon": "0000000000000000000000000000000000000000000000000000000000000000",
          "hash": "0000000000000000000000000000000000000000000000000000000000000000",
          "next_unique_id": 3
        }
table: eosio.assert eosio.assert manifests
    add row:
        {
          "unique_id": 2,
          "id": "586f1941742b3c02668226914d801dfb85e916e1454ad7387887a43c1320c58a",
          "account": "dapp1",
          "domain": "https://nowhere",
          "whitelist": [{
              "contract": "contract.1",
              "action": "just.this"
            },{
              "contract": "contract.2",
              "action": ""
            },{
              "contract": "contract.3",
              "action": ""
            }
          ],
          "blacklist": [{
              "contract": "contract.2",
              "action": "very.bad"
            },{
              "contract": "contract.3",
              "action": "bad"
            }
          ]
        }

del.manifest: not found
=========================
push_transaction {
  "actions": [{
      "account": "eosio.assert",
      "name": "del.manifest",
      "authorization": [{
          "actor": "dapp2",
          "permission": "active"
        }
      ],
      "data": {
        "id": "0123456789ABCDEF0123456789ABCDEF0123456789ABCDEF0123456789ABCDEF"
      }
    }
  ]
}
Exception: assertion failure with message: manifest not found
table: eosio.assert eosio.assert chain.params
table: eosio.assert eosio.assert manifests

del.manifest: wrong auth
=========================
push_transaction {
  "actions": [{
      "account": "eosio.assert",
      "name": "del.manifest",
      "authorization": [{
          "actor": "dapp2",
          "permission": "active"
        }
      ],
      "data": {
        "id": "586f1941742b3c02668226914d801dfb85e916e1454ad7387887a43c1320c58a"
      }
    }
  ]
}
Exception: missing authority of dapp1
table: eosio.assert eosio.assert chain.params
table: eosio.assert eosio.assert manifests

del.manifest
=========================
push_transaction {
  "actions": [{
      "account": "eosio.assert",
      "name": "del.manifest",
      "authorization": [{
          "actor": "dapp1",
          "permission": "active"
        }
      ],
      "data": {
        "id": "586f1941742b3c02668226914d801dfb85e916e1454ad7387887a43c1320c58a"
      }
    }
  ]
}
transaction pushed
table: eosio.assert eosio.assert chain.params
table: eosio.assert eosio.assert manifests
    del row:
        {
          "unique_id": 2,
          "id": "586f1941742b3c02668226914d801dfb85e916e1454ad7387887a43c1320c58a",
          "account": "dapp1",
          "domain": "https://nowhere",
          "whitelist": [{
              "contract": "contract.1",
              "action": "just.this"
            },{
              "contract": "contract.2",
              "action": ""
            },{
              "contract": "contract.3",
              "action": ""
            }
          ],
          "blacklist": [{
              "contract": "contract.2",
              "action": "very.bad"
            },{
              "contract": "contract.3",
              "action": "bad"
            }
          ]
        }

del.manifest
=========================
push_transaction {
  "actions": [{
      "account": "eosio.assert",
      "name": "del.manifest",
      "authorization": [{
          "actor": "dapp1",
          "permission": "active"
        }
      ],
      "data": {
        "id": "1edd77ab2fed6568fc61da5b30c9f4654a5a9822907989a10948d4ad2d6524fe"
      }
    }
  ]
}
transaction pushed
table: eosio.assert eosio.assert chain.params
table: eosio.assert eosio.assert manifests
    del row:
        {
          "unique_id": 1,
          "id": "1edd77ab2fed6568fc61da5b30c9f4654a5a9822907989a10948d4ad2d6524fe",
          "account": "dapp1",
          "domain": "https://nowhere",
          "whitelist": [],
          "blacklist": []
        }
