
add.manifest: missing authority
=========================
push_transaction {
  "actions": [{
      "account": "eosio.assert",
      "name": "add.manifest",
      "authorization": [{
          "actor": "dapp2",
          "permission": "active"
        }
      ],
      "data": {
        "account": "dapp1",
        "name": "distributed app 1",
        "domain": "https://nowhere",
        "icon": "0123456789ABCDEF0123456789ABCDEF0123456789ABCDEF0123456789ABCDEF",
        "description": "Something to try",
        "extra.json": "",
        "whitelist": [],
        "blacklist": []
      }
    }
  ]
}
Exception: missing authority of dapp1

add.manifest
=========================
push_transaction {
  "actions": [{
      "account": "eosio.assert",
      "name": "add.manifest",
      "authorization": [{
          "actor": "dapp1",
          "permission": "active"
        }
      ],
      "data": {
        "account": "dapp1",
        "name": "distributed app 1",
        "domain": "https://nowhere",
        "icon": "0123456789ABCDEF0123456789ABCDEF0123456789ABCDEF0123456789ABCDEF",
        "description": "Something to try",
        "extra.json": "",
        "whitelist": [],
        "blacklist": []
      }
    }
  ]
}
transaction pushed
table: eosio.assert eosio.assert chain.params
    add row:
        {
          "chain_id": "0000000000000000000000000000000000000000000000000000000000000000",
          "chain_name": "",
          "icon": "0000000000000000000000000000000000000000000000000000000000000000",
          "next_unique_id": 2
        }
table: eosio.assert eosio.assert manifests
    add row:
        {
          "unique_id": 1,
          "id": "a3ab27bb8dbb871615707290bae2dbf34b8b49bc0bf5134d1dfd4a536cac8bd4",
          "account": "dapp1",
          "whitelist": [],
          "blacklist": []
        }

add.manifest: duplicate
=========================
push_transaction {
  "actions": [{
      "account": "eosio.assert",
      "name": "add.manifest",
      "authorization": [{
          "actor": "dapp1",
          "permission": "active"
        }
      ],
      "data": {
        "account": "dapp1",
        "name": "distributed app 1",
        "domain": "https://nowhere",
        "icon": "0123456789ABCDEF0123456789ABCDEF0123456789ABCDEF0123456789ABCDEF",
        "description": "Something to try",
        "extra.json": "",
        "whitelist": [],
        "blacklist": []
      }
    }
  ]
}
Exception: assertion failure with message: manifest already present

add.manifest: white, black
=========================
push_transaction {
  "actions": [{
      "account": "eosio.assert",
      "name": "add.manifest",
      "authorization": [{
          "actor": "dapp1",
          "permission": "active"
        }
      ],
      "data": {
        "account": "dapp1",
        "name": "distributed app 1",
        "domain": "https://nowhere",
        "icon": "0123456789ABCDEF0123456789ABCDEF0123456789ABCDEF0123456789ABCDEF",
        "description": "Something to try",
        "extra.json": "",
        "whitelist": [{
            "contract": "contract.2",
            "action": ""
          },{
            "contract": "contract.1",
            "action": "just.this"
          },{
            "contract": "contract.3",
            "action": ""
          }
        ],
        "blacklist": [{
            "contract": "contract.3",
            "action": "bad"
          },{
            "contract": "contract.2",
            "action": "very.bad"
          }
        ]
      }
    }
  ]
}
transaction pushed
table: eosio.assert eosio.assert chain.params
    change row:
        {
          "chain_id": "0000000000000000000000000000000000000000000000000000000000000000",
          "chain_name": "",
          "icon": "0000000000000000000000000000000000000000000000000000000000000000",
          "next_unique_id": 3
        }
table: eosio.assert eosio.assert manifests
    add row:
        {
          "unique_id": 2,
          "id": "70af40475e12994f02be15ea76f8656175f54facc660d5dc3269fad7d31f3eb7",
          "account": "dapp1",
          "whitelist": [{
              "contract": "contract.1",
              "action": "just.this"
            },{
              "contract": "contract.2",
              "action": ""
            },{
              "contract": "contract.3",
              "action": ""
            }
          ],
          "blacklist": [{
              "contract": "contract.2",
              "action": "very.bad"
            },{
              "contract": "contract.3",
              "action": "bad"
            }
          ]
        }

del.manifest: not found
=========================
push_transaction {
  "actions": [{
      "account": "eosio.assert",
      "name": "del.manifest",
      "authorization": [{
          "actor": "dapp2",
          "permission": "active"
        }
      ],
      "data": {
        "id": "0123456789ABCDEF0123456789ABCDEF0123456789ABCDEF0123456789ABCDEF"
      }
    }
  ]
}
Exception: assertion failure with message: manifest not found
table: eosio.assert eosio.assert chain.params
table: eosio.assert eosio.assert manifests

del.manifest: wrong auth
=========================
push_transaction {
  "actions": [{
      "account": "eosio.assert",
      "name": "del.manifest",
      "authorization": [{
          "actor": "dapp2",
          "permission": "active"
        }
      ],
      "data": {
        "id": "70af40475e12994f02be15ea76f8656175f54facc660d5dc3269fad7d31f3eb7"
      }
    }
  ]
}
Exception: missing authority of dapp1
table: eosio.assert eosio.assert chain.params
table: eosio.assert eosio.assert manifests

del.manifest
=========================
push_transaction {
  "actions": [{
      "account": "eosio.assert",
      "name": "del.manifest",
      "authorization": [{
          "actor": "dapp1",
          "permission": "active"
        }
      ],
      "data": {
        "id": "70af40475e12994f02be15ea76f8656175f54facc660d5dc3269fad7d31f3eb7"
      }
    }
  ]
}
transaction pushed
table: eosio.assert eosio.assert chain.params
table: eosio.assert eosio.assert manifests
    del row:
        {
          "unique_id": 2,
          "id": "70af40475e12994f02be15ea76f8656175f54facc660d5dc3269fad7d31f3eb7",
          "account": "dapp1",
          "whitelist": [{
              "contract": "contract.1",
              "action": "just.this"
            },{
              "contract": "contract.2",
              "action": ""
            },{
              "contract": "contract.3",
              "action": ""
            }
          ],
          "blacklist": [{
              "contract": "contract.2",
              "action": "very.bad"
            },{
              "contract": "contract.3",
              "action": "bad"
            }
          ]
        }

del.manifest
=========================
push_transaction {
  "actions": [{
      "account": "eosio.assert",
      "name": "del.manifest",
      "authorization": [{
          "actor": "dapp1",
          "permission": "active"
        }
      ],
      "data": {
        "id": "a3ab27bb8dbb871615707290bae2dbf34b8b49bc0bf5134d1dfd4a536cac8bd4"
      }
    }
  ]
}
transaction pushed
table: eosio.assert eosio.assert chain.params
table: eosio.assert eosio.assert manifests
    del row:
        {
          "unique_id": 1,
          "id": "a3ab27bb8dbb871615707290bae2dbf34b8b49bc0bf5134d1dfd4a536cac8bd4",
          "account": "dapp1",
          "whitelist": [],
          "blacklist": []
        }
