
add.manifest: missing authority
=========================
push_transaction {
  "actions": [{
      "account": "eosio.assert",
      "name": "add.manifest",
      "authorization": [{
          "actor": "dapp2",
          "permission": "active"
        }
      ],
      "data": {
        "tables": [],
        "ricardian_clauses": [],
        "abi_extensions": [],
        "account": "dapp1",
        "name": "distributed app 1",
        "domain": "https://nowhere",
        "icon": "0123456789ABCDEF0123456789ABCDEF0123456789ABCDEF0123456789ABCDEF",
        "description": "Something to try",
        "extra.json": "",
        "whitelist": [],
        "blacklist": []
      }
    }
  ]
}
Exception: missing authority of dapp1

add.manifest
=========================
push_transaction {
  "actions": [{
      "account": "eosio.assert",
      "name": "add.manifest",
      "authorization": [{
          "actor": "dapp1",
          "permission": "active"
        }
      ],
      "data": {
        "tables": [],
        "ricardian_clauses": [],
        "abi_extensions": [],
        "account": "dapp1",
        "name": "distributed app 1",
        "domain": "https://nowhere",
        "icon": "0123456789ABCDEF0123456789ABCDEF0123456789ABCDEF0123456789ABCDEF",
        "description": "Something to try",
        "extra.json": "",
        "whitelist": [],
        "blacklist": []
      }
    }
  ]
}
transaction pushed
table: eosio.assert eosio.assert manifests
    add row:
        {
          "unique_id": 0,
          "id": "a3ab27bb8dbb871615707290bae2dbf34b8b49bc0bf5134d1dfd4a536cac8bd4",
          "account": "dapp1",
          "whitelist": [],
          "blacklist": []
        }

add.manifest: duplicate
=========================
push_transaction {
  "actions": [{
      "account": "eosio.assert",
      "name": "add.manifest",
      "authorization": [{
          "actor": "dapp1",
          "permission": "active"
        }
      ],
      "data": {
        "tables": [],
        "ricardian_clauses": [],
        "abi_extensions": [],
        "account": "dapp1",
        "name": "distributed app 1",
        "domain": "https://nowhere",
        "icon": "0123456789ABCDEF0123456789ABCDEF0123456789ABCDEF0123456789ABCDEF",
        "description": "Something to try",
        "extra.json": "",
        "whitelist": [],
        "blacklist": []
      }
    }
  ]
}
Exception: assertion failure with message: manifest already present
