
setchain
=========================
push_transaction {
  "actions": [{
      "account": "eosio.assert",
      "name": "setchain",
      "authorization": [{
          "actor": "eosio",
          "permission": "active"
        }
      ],
      "data": {
        "chain_id": "0123456789ABCDEF0123456789ABCDEF0123456789ABCDEF0123456789ABCDEF",
        "chain_name": "My Mega Sidechain",
        "icon": "BEEFBEEFBEEFBEEFBEEFBEEFBEEFBEEFBEEFBEEFBEEFBEEFBEEFBEEFBEEFBEEF"
      }
    }
  ]
}
transaction pushed
table: eosio.assert eosio.assert chain.params
    add row:
        {
          "chain_id": "0123456789abcdef0123456789abcdef0123456789abcdef0123456789abcdef",
          "chain_name": "My Mega Sidechain",
          "icon": "beefbeefbeefbeefbeefbeefbeefbeefbeefbeefbeefbeefbeefbeefbeefbeef",
          "hash": "a5e2578a54c35885716a63d70d4b51b227d8aa47ad9a3163c733b79160bb513c",
          "next_unique_id": 1
        }

add.manifest
=========================
push_transaction {
  "actions": [{
      "account": "eosio.assert",
      "name": "add.manifest",
      "authorization": [{
          "actor": "dapp1",
          "permission": "active"
        }
      ],
      "data": {
        "account": "dapp1",
        "name": "distributed app 1",
        "domain": "https://nowhere",
        "icon": "0123456789ABCDEF0123456789ABCDEF0123456789ABCDEF0123456789ABCDEF",
        "extra.json": "",
        "whitelist": [{
            "contract": "contract.2",
            "action": ""
          },{
            "contract": "contract.1",
            "action": "just.this"
          },{
            "contract": "",
            "action": "transfer"
          }
        ],
        "blacklist": [{
            "contract": "bad.token",
            "action": "transfer"
          }
        ]
      }
    }
  ]
}
transaction pushed
table: eosio.assert eosio.assert chain.params
    change row:
        {
          "chain_id": "0123456789abcdef0123456789abcdef0123456789abcdef0123456789abcdef",
          "chain_name": "My Mega Sidechain",
          "icon": "beefbeefbeefbeefbeefbeefbeefbeefbeefbeefbeefbeefbeefbeefbeefbeef",
          "hash": "a5e2578a54c35885716a63d70d4b51b227d8aa47ad9a3163c733b79160bb513c",
          "next_unique_id": 2
        }
table: eosio.assert eosio.assert manifests
    add row:
        {
          "unique_id": 1,
          "id": "e046865f02c1f7129e4e62c1960f4645d5cf1ac25a5350c84940540d7ce1d4f1",
          "account": "dapp1",
          "domain": "https://nowhere",
          "whitelist": [{
              "contract": "",
              "action": "transfer"
            },{
              "contract": "contract.1",
              "action": "just.this"
            },{
              "contract": "contract.2",
              "action": ""
            }
          ],
          "blacklist": [{
              "contract": "bad.token",
              "action": "transfer"
            }
          ]
        }

add.manifest
=========================
push_transaction {
  "actions": [{
      "account": "eosio.assert",
      "name": "add.manifest",
      "authorization": [{
          "actor": "wild",
          "permission": "active"
        }
      ],
      "data": {
        "account": "wild",
        "name": "distributed app 1",
        "domain": "https://nowhere",
        "icon": "0123456789ABCDEF0123456789ABCDEF0123456789ABCDEF0123456789ABCDEF",
        "extra.json": "",
        "whitelist": [{
            "contract": "",
            "action": ""
          }
        ],
        "blacklist": []
      }
    }
  ]
}
transaction pushed
table: eosio.assert eosio.assert chain.params
    change row:
        {
          "chain_id": "0123456789abcdef0123456789abcdef0123456789abcdef0123456789abcdef",
          "chain_name": "My Mega Sidechain",
          "icon": "beefbeefbeefbeefbeefbeefbeefbeefbeefbeefbeefbeefbeefbeefbeefbeef",
          "hash": "a5e2578a54c35885716a63d70d4b51b227d8aa47ad9a3163c733b79160bb513c",
          "next_unique_id": 3
        }
table: eosio.assert eosio.assert manifests
    add row:
        {
          "unique_id": 2,
          "id": "ec04debd8e4c158f29cdf8258b00d34ef7b9b9b57401063d9723d2e66bbf1ffe",
          "account": "wild",
          "domain": "https://nowhere",
          "whitelist": [{
              "contract": "",
              "action": ""
            }
          ],
          "blacklist": []
        }

require: wrong chain
=========================
push_transaction {
  "actions": [{
      "account": "eosio.assert",
      "name": "require",
      "authorization": [{
          "actor": "user",
          "permission": "active"
        }
      ],
      "data": {
        "chain_params_hash": "0123456789ABCDEF0123456789ABCDEF0123456789ABCDEF0123456789ABCDEF",
        "manifest_id": "BEEFBEEFBEEFBEEFBEEFBEEFBEEFBEEFBEEFBEEFBEEFBEEFBEEFBEEFBEEFBEEF",
        "actions": [],
        "abi_hashes": []
      }
    }
  ]
}
Exception: assertion failure with message: chain hash is a5e2578a54c35885716a63d70d4b51b227d8aa47ad9a3163c733b79160bb513c but user expected 0123456789abcdef0123456789abcdef0123456789abcdef0123456789abcdef

require: unknown manifest
=========================
push_transaction {
  "actions": [{
      "account": "eosio.assert",
      "name": "require",
      "authorization": [{
          "actor": "user",
          "permission": "active"
        }
      ],
      "data": {
        "chain_params_hash": "a5e2578a54c35885716a63d70d4b51b227d8aa47ad9a3163c733b79160bb513c",
        "manifest_id": "BEEFBEEFBEEFBEEFBEEFBEEFBEEFBEEFBEEFBEEFBEEFBEEFBEEFBEEFBEEFBEEF",
        "actions": [],
        "abi_hashes": []
      }
    }
  ]
}
Exception: assertion failure with message: manifest not found

require
=========================
push_transaction {
  "actions": [{
      "account": "eosio.assert",
      "name": "require",
      "authorization": [{
          "actor": "user",
          "permission": "active"
        }
      ],
      "data": {
        "chain_params_hash": "a5e2578a54c35885716a63d70d4b51b227d8aa47ad9a3163c733b79160bb513c",
        "manifest_id": "e046865f02c1f7129e4e62c1960f4645d5cf1ac25a5350c84940540d7ce1d4f1",
        "actions": [],
        "abi_hashes": []
      }
    }
  ]
}
transaction pushed

require: simple match whitelist
=========================
push_transaction {
  "actions": [{
      "account": "eosio.assert",
      "name": "require",
      "authorization": [{
          "actor": "user",
          "permission": "active"
        }
      ],
      "data": {
        "chain_params_hash": "a5e2578a54c35885716a63d70d4b51b227d8aa47ad9a3163c733b79160bb513c",
        "manifest_id": "e046865f02c1f7129e4e62c1960f4645d5cf1ac25a5350c84940540d7ce1d4f1",
        "actions": [{
            "contract": "contract.1",
            "action": "just.this"
          }
        ],
        "abi_hashes": [
          "0000000000000000000000000000000000000000000000000000000000000000"
        ]
      }
    }
  ]
}
transaction pushed

require: whitelist wild action
=========================
push_transaction {
  "actions": [{
      "account": "eosio.assert",
      "name": "require",
      "authorization": [{
          "actor": "user",
          "permission": "active"
        }
      ],
      "data": {
        "chain_params_hash": "a5e2578a54c35885716a63d70d4b51b227d8aa47ad9a3163c733b79160bb513c",
        "manifest_id": "e046865f02c1f7129e4e62c1960f4645d5cf1ac25a5350c84940540d7ce1d4f1",
        "actions": [{
            "contract": "contract.2",
            "action": "foo"
          }
        ],
        "abi_hashes": [
          "0000000000000000000000000000000000000000000000000000000000000000"
        ]
      }
    }
  ]
}
transaction pushed

require: whitelist wild contract
=========================
push_transaction {
  "actions": [{
      "account": "eosio.assert",
      "name": "require",
      "authorization": [{
          "actor": "user",
          "permission": "active"
        }
      ],
      "data": {
        "chain_params_hash": "a5e2578a54c35885716a63d70d4b51b227d8aa47ad9a3163c733b79160bb513c",
        "manifest_id": "e046865f02c1f7129e4e62c1960f4645d5cf1ac25a5350c84940540d7ce1d4f1",
        "actions": [{
            "contract": "unknown",
            "action": "transfer"
          }
        ],
        "abi_hashes": [
          "0000000000000000000000000000000000000000000000000000000000000000"
        ]
      }
    }
  ]
}
transaction pushed

require: whitelist full wild
=========================
push_transaction {
  "actions": [{
      "account": "eosio.assert",
      "name": "require",
      "authorization": [{
          "actor": "user",
          "permission": "active"
        }
      ],
      "data": {
        "chain_params_hash": "a5e2578a54c35885716a63d70d4b51b227d8aa47ad9a3163c733b79160bb513c",
        "manifest_id": "ec04debd8e4c158f29cdf8258b00d34ef7b9b9b57401063d9723d2e66bbf1ffe",
        "actions": [{
            "contract": "unk.account",
            "action": "unk.action"
          }
        ],
        "abi_hashes": [
          "0000000000000000000000000000000000000000000000000000000000000000"
        ]
      }
    }
  ]
}
transaction pushed

require: whitelist doesn't match
=========================
push_transaction {
  "actions": [{
      "account": "eosio.assert",
      "name": "require",
      "authorization": [{
          "actor": "user",
          "permission": "active"
        }
      ],
      "data": {
        "chain_params_hash": "a5e2578a54c35885716a63d70d4b51b227d8aa47ad9a3163c733b79160bb513c",
        "manifest_id": "e046865f02c1f7129e4e62c1960f4645d5cf1ac25a5350c84940540d7ce1d4f1",
        "actions": [{
            "contract": "unk.account",
            "action": "unk.action"
          }
        ],
        "abi_hashes": [
          "0000000000000000000000000000000000000000000000000000000000000000"
        ]
      }
    }
  ]
}
Exception: assertion failure with message: unk.action@unk.account is not in whitelist

require: in blacklist
=========================
push_transaction {
  "actions": [{
      "account": "eosio.assert",
      "name": "require",
      "authorization": [{
          "actor": "user",
          "permission": "active"
        }
      ],
      "data": {
        "chain_params_hash": "a5e2578a54c35885716a63d70d4b51b227d8aa47ad9a3163c733b79160bb513c",
        "manifest_id": "e046865f02c1f7129e4e62c1960f4645d5cf1ac25a5350c84940540d7ce1d4f1",
        "actions": [{
            "contract": "bad.token",
            "action": "transfer"
          }
        ],
        "abi_hashes": [
          "0000000000000000000000000000000000000000000000000000000000000000"
        ]
      }
    }
  ]
}
Exception: assertion failure with message: transfer@bad.token is in blacklist
